  сервер5.cpp
C:\Users\egorg\OneDrive\Рабочий стол\компьютерные сети 5\сервер5\сервер5\сервер5.cpp(44,13): warning C4566: символ, представленный универсальным именем символа "\u2713", невозможно представить в текущей кодовой странице (1251)
C:\Users\egorg\OneDrive\Рабочий стол\компьютерные сети 5\сервер5\сервер5\сервер5.cpp(54,13): warning C4566: символ, представленный универсальным именем символа "\u2713", невозможно представить в текущей кодовой странице (1251)
C:\Users\egorg\OneDrive\Рабочий стол\компьютерные сети 5\сервер5\сервер5\сервер5.cpp(77,21): warning C4566: символ, представленный универсальным именем символа "\u2713", невозможно представить в текущей кодовой странице (1251)
C:\Users\egorg\OneDrive\Рабочий стол\компьютерные сети 5\сервер5\сервер5\сервер5.cpp(82,21): warning C4566: символ, представленный универсальным именем символа "\u2717", невозможно представить в текущей кодовой странице (1251)
C:\Users\egorg\OneDrive\Рабочий стол\компьютерные сети 5\сервер5\сервер5\сервер5.cpp(103,13): warning C4566: символ, представленный универсальным именем символа "\u2705", невозможно представить в текущей кодовой странице (1251)
C:\Users\egorg\OneDrive\Рабочий стол\компьютерные сети 5\сервер5\сервер5\сервер5.cpp(104,13): warning C4566: символ, представленный универсальным именем символа "\U0001F4CD", невозможно представить в текущей кодовой странице (1251)
C:\Users\egorg\OneDrive\Рабочий стол\компьютерные сети 5\сервер5\сервер5\сервер5.cpp(105,13): warning C4566: символ, представленный универсальным именем символа "\U0001F4CD", невозможно представить в текущей кодовой странице (1251)
C:\Users\egorg\OneDrive\Рабочий стол\компьютерные сети 5\сервер5\сервер5\сервер5.cpp(106,13): warning C4566: символ, представленный универсальным именем символа "\U0001F4E1", невозможно представить в текущей кодовой странице (1251)
C:\Users\egorg\OneDrive\Рабочий стол\компьютерные сети 5\сервер5\сервер5\сервер5.cpp(131,17): warning C4566: символ, представленный универсальным именем символа "\U0001F517", невозможно представить в текущей кодовой странице (1251)
C:\Users\egorg\OneDrive\Рабочий стол\компьютерные сети 5\сервер5\сервер5\сервер5.cpp(153,21): warning C4566: символ, представленный универсальным именем символа "\U0001F4E8", невозможно представить в текущей кодовой странице (1251)
C:\Users\egorg\OneDrive\Рабочий стол\компьютерные сети 5\сервер5\сервер5\сервер5.cpp(156,21): warning C4566: символ, представленный универсальным именем символа "\U0001F4ED", невозможно представить в текущей кодовой странице (1251)
C:\Users\egorg\OneDrive\Рабочий стол\компьютерные сети 5\сервер5\сервер5\сервер5.cpp(161,21): warning C4566: символ, представленный универсальным именем символа "\u274C", невозможно представить в текущей кодовой странице (1251)
C:\Users\egorg\OneDrive\Рабочий стол\компьютерные сети 5\сервер5\сервер5\сервер5.cpp(259,1): warning C4566: символ, представленный универсальным именем символа "\u2713", невозможно представить в текущей кодовой странице (1251)
C:\Users\egorg\OneDrive\Рабочий стол\компьютерные сети 5\сервер5\сервер5\сервер5.cpp(288,1): warning C4566: символ, представленный универсальным именем символа "\U0001F4CA", невозможно представить в текущей кодовой странице (1251)
C:\Users\egorg\OneDrive\Рабочий стол\компьютерные сети 5\сервер5\сервер5\сервер5.cpp(295,1): warning C4566: символ, представленный универсальным именем символа "\U0001F6E0", невозможно представить в текущей кодовой странице (1251)
C:\Users\egorg\OneDrive\Рабочий стол\компьютерные сети 5\сервер5\сервер5\сервер5.cpp(295,1): warning C4566: символ, представленный универсальным именем символа "\uFE0F", невозможно представить в текущей кодовой странице (1251)
C:\Users\egorg\OneDrive\Рабочий стол\компьютерные сети 5\сервер5\сервер5\сервер5.cpp(306,1): warning C4566: символ, представленный универсальным именем символа "\U0001F4C8", невозможно представить в текущей кодовой странице (1251)
C:\Users\egorg\OneDrive\Рабочий стол\компьютерные сети 5\сервер5\сервер5\сервер5.cpp(345,21): warning C4566: символ, представленный универсальным именем символа "\U0001F4E4", невозможно представить в текущей кодовой странице (1251)
C:\Users\egorg\OneDrive\Рабочий стол\компьютерные сети 5\сервер5\сервер5\сервер5.cpp(348,21): warning C4566: символ, представленный универсальным именем символа "\u274C", невозможно представить в текущей кодовой странице (1251)
C:\Users\egorg\OneDrive\Рабочий стол\компьютерные сети 5\сервер5\сервер5\сервер5.cpp(353,17): warning C4566: символ, представленный универсальным именем символа "\U0001F512", невозможно представить в текущей кодовой странице (1251)
  сервер5.vcxproj -> C:\Users\egorg\OneDrive\Рабочий стол\компьютерные сети 5\сервер5\x64\Debug\сервер5.exe
