  клиент5.cpp
C:\Users\egorg\OneDrive\Рабочий стол\компьютерные сети 5\клиент5\клиент5\клиент5.cpp(21,17): warning C4566: символ, представленный универсальным именем символа "\u274C", невозможно представить в текущей кодовой странице (1251)
C:\Users\egorg\OneDrive\Рабочий стол\компьютерные сети 5\клиент5\клиент5\клиент5.cpp(24,13): warning C4566: символ, представленный универсальным именем символа "\u2713", невозможно представить в текущей кодовой странице (1251)
C:\Users\egorg\OneDrive\Рабочий стол\компьютерные сети 5\клиент5\клиент5\клиент5.cpp(43,21): warning C4566: символ, представленный универсальным именем символа "\U0001F4CB", невозможно представить в текущей кодовой странице (1251)
C:\Users\egorg\OneDrive\Рабочий стол\компьютерные сети 5\клиент5\клиент5\клиент5.cpp(50,21): warning C4566: символ, представленный универсальным именем символа "\U0001F4A1", невозможно представить в текущей кодовой странице (1251)
C:\Users\egorg\OneDrive\Рабочий стол\компьютерные сети 5\клиент5\клиент5\клиент5.cpp(56,21): warning C4566: символ, представленный универсальным именем символа "\U0001F50D", невозможно представить в текущей кодовой странице (1251)
C:\Users\egorg\OneDrive\Рабочий стол\компьютерные сети 5\клиент5\клиент5\клиент5.cpp(60,25): warning C4566: символ, представленный универсальным именем символа "\u274C", невозможно представить в текущей кодовой странице (1251)
C:\Users\egorg\OneDrive\Рабочий стол\компьютерные сети 5\клиент5\клиент5\клиент5.cpp(71,21): warning C4566: символ, представленный универсальным именем символа "\u23F3", невозможно представить в текущей кодовой странице (1251)
C:\Users\egorg\OneDrive\Рабочий стол\компьютерные сети 5\клиент5\клиент5\клиент5.cpp(75,25): warning C4566: символ, представленный универсальным именем символа "\u274C", невозможно представить в текущей кодовой странице (1251)
C:\Users\egorg\OneDrive\Рабочий стол\компьютерные сети 5\клиент5\клиент5\клиент5.cpp(82,21): warning C4566: символ, представленный универсальным именем символа "\u2705", невозможно представить в текущей кодовой странице (1251)
C:\Users\egorg\OneDrive\Рабочий стол\компьютерные сети 5\клиент5\клиент5\клиент5.cpp(93,71): warning C4267: аргумент: преобразование из "size_t" в "int"; возможна потеря данных
C:\Users\egorg\OneDrive\Рабочий стол\компьютерные сети 5\клиент5\клиент5\клиент5.cpp(94,21): warning C4566: символ, представленный универсальным именем символа "\U0001F4E4", невозможно представить в текущей кодовой странице (1251)
C:\Users\egorg\OneDrive\Рабочий стол\компьютерные сети 5\клиент5\клиент5\клиент5.cpp(118,33): warning C4566: символ, представленный универсальным именем символа "\U0001F4E5", невозможно представить в текущей кодовой странице (1251)
C:\Users\egorg\OneDrive\Рабочий стол\компьютерные сети 5\клиент5\клиент5\клиент5.cpp(136,25): warning C4566: символ, представленный универсальным именем символа "\u26A0", невозможно представить в текущей кодовой странице (1251)
C:\Users\egorg\OneDrive\Рабочий стол\компьютерные сети 5\клиент5\клиент5\клиент5.cpp(136,25): warning C4566: символ, представленный универсальным именем символа "\uFE0F", невозможно представить в текущей кодовой странице (1251)
C:\Users\egorg\OneDrive\Рабочий стол\компьютерные сети 5\клиент5\клиент5\клиент5.cpp(140,25): warning C4566: символ, представленный универсальным именем символа "\u2705", невозможно представить в текущей кодовой странице (1251)
C:\Users\egorg\OneDrive\Рабочий стол\компьютерные сети 5\клиент5\клиент5\клиент5.cpp(143,25): warning C4566: символ, представленный универсальным именем символа "\u274C", невозможно представить в текущей кодовой странице (1251)
C:\Users\egorg\OneDrive\Рабочий стол\компьютерные сети 5\клиент5\клиент5\клиент5.cpp(147,21): warning C4566: символ, представленный универсальным именем символа "\U0001F512", невозможно представить в текущей кодовой странице (1251)
C:\Users\egorg\OneDrive\Рабочий стол\компьютерные сети 5\клиент5\клиент5\клиент5.cpp(148,21): warning C4566: символ, представленный универсальным именем символа "\u2500", невозможно представить в текущей кодовой странице (1251)
C:\Users\egorg\OneDrive\Рабочий стол\компьютерные сети 5\клиент5\клиент5\клиент5.cpp(153,21): warning C4566: символ, представленный универсальным именем символа "\u26A0", невозможно представить в текущей кодовой странице (1251)
C:\Users\egorg\OneDrive\Рабочий стол\компьютерные сети 5\клиент5\клиент5\клиент5.cpp(153,21): warning C4566: символ, представленный универсальным именем символа "\uFE0F", невозможно представить в текущей кодовой странице (1251)
C:\Users\egorg\OneDrive\Рабочий стол\компьютерные сети 5\клиент5\клиент5\клиент5.cpp(163,21): warning C4566: символ, представленный универсальным именем символа "\u274C", невозможно представить в текущей кодовой странице (1251)
C:\Users\egorg\OneDrive\Рабочий стол\компьютерные сети 5\клиент5\клиент5\клиент5.cpp(173,21): warning C4566: символ, представленный универсальным именем символа "\u26A0", невозможно представить в текущей кодовой странице (1251)
C:\Users\egorg\OneDrive\Рабочий стол\компьютерные сети 5\клиент5\клиент5\клиент5.cpp(173,21): warning C4566: символ, представленный универсальным именем символа "\uFE0F", невозможно представить в текущей кодовой странице (1251)
C:\Users\egorg\OneDrive\Рабочий стол\компьютерные сети 5\клиент5\клиент5\клиент5.cpp(182,17): warning C4566: символ, представленный универсальным именем символа "\U0001F517", невозможно представить в текущей кодовой странице (1251)
C:\Users\egorg\OneDrive\Рабочий стол\компьютерные сети 5\клиент5\клиент5\клиент5.cpp(187,21): warning C4566: символ, представленный универсальным именем символа "\u274C", невозможно представить в текущей кодовой странице (1251)
C:\Users\egorg\OneDrive\Рабочий стол\компьютерные сети 5\клиент5\клиент5\клиент5.cpp(202,21): warning C4566: символ, представленный универсальным именем символа "\u2713", невозможно представить в текущей кодовой странице (1251)
C:\Users\egorg\OneDrive\Рабочий стол\компьютерные сети 5\клиент5\клиент5\клиент5.cpp(206,21): warning C4566: символ, представленный универсальным именем символа "\U0001F50D", невозможно представить в текущей кодовой странице (1251)
C:\Users\egorg\OneDrive\Рабочий стол\компьютерные сети 5\клиент5\клиент5\клиент5.cpp(210,25): warning C4566: символ, представленный универсальным именем символа "\u274C", невозможно представить в текущей кодовой странице (1251)
C:\Users\egorg\OneDrive\Рабочий стол\компьютерные сети 5\клиент5\клиент5\клиент5.cpp(220,21): warning C4566: символ, представленный универсальным именем символа "\u2713", невозможно представить в текущей кодовой странице (1251)
C:\Users\egorg\OneDrive\Рабочий стол\компьютерные сети 5\клиент5\клиент5\клиент5.cpp(229,17): warning C4566: символ, представленный универсальным именем символа "\u23F3", невозможно представить в текущей кодовой странице (1251)
C:\Users\egorg\OneDrive\Рабочий стол\компьютерные сети 5\клиент5\клиент5\клиент5.cpp(233,21): warning C4566: символ, представленный универсальным именем символа "\u274C", невозможно представить в текущей кодовой странице (1251)
C:\Users\egorg\OneDrive\Рабочий стол\компьютерные сети 5\клиент5\клиент5\клиент5.cpp(244,17): warning C4566: символ, представленный универсальным именем символа "\u2705", невозможно представить в текущей кодовой странице (1251)
C:\Users\egorg\OneDrive\Рабочий стол\компьютерные сети 5\клиент5\клиент5\клиент5.cpp(257,17): warning C4566: символ, представленный универсальным именем символа "\U0001F4E4", невозможно представить в текущей кодовой странице (1251)
C:\Users\egorg\OneDrive\Рабочий стол\компьютерные сети 5\клиент5\клиент5\клиент5.cpp(261,21): warning C4566: символ, представленный универсальным именем символа "\u274C", невозможно представить в текущей кодовой странице (1251)
C:\Users\egorg\OneDrive\Рабочий стол\компьютерные сети 5\клиент5\клиент5\клиент5.cpp(266,17): warning C4566: символ, представленный универсальным именем символа "\u2713", невозможно представить в текущей кодовой странице (1251)
C:\Users\egorg\OneDrive\Рабочий стол\компьютерные сети 5\клиент5\клиент5\клиент5.cpp(269,17): warning C4566: символ, представленный универсальным именем символа "\u23F3", невозможно представить в текущей кодовой странице (1251)
C:\Users\egorg\OneDrive\Рабочий стол\компьютерные сети 5\клиент5\клиент5\клиент5.cpp(290,33): warning C4566: символ, представленный универсальным именем символа "\U0001F4CB", невозможно представить в текущей кодовой странице (1251)
C:\Users\egorg\OneDrive\Рабочий стол\компьютерные сети 5\клиент5\клиент5\клиент5.cpp(292,33): warning C4566: символ, представленный универсальным именем символа "\U0001F4C4", невозможно представить в текущей кодовой странице (1251)
C:\Users\egorg\OneDrive\Рабочий стол\компьютерные сети 5\клиент5\клиент5\клиент5.cpp(322,21): warning C4566: символ, представленный универсальным именем символа "\u2705", невозможно представить в текущей кодовой странице (1251)
C:\Users\egorg\OneDrive\Рабочий стол\компьютерные сети 5\клиент5\клиент5\клиент5.cpp(323,21): warning C4566: символ, представленный универсальным именем символа "\U0001F4CA", невозможно представить в текущей кодовой странице (1251)
C:\Users\egorg\OneDrive\Рабочий стол\компьютерные сети 5\клиент5\клиент5\клиент5.cpp(326,21): warning C4566: символ, представленный универсальным именем символа "\u274C", невозможно представить в текущей кодовой странице (1251)
C:\Users\egorg\OneDrive\Рабочий стол\компьютерные сети 5\клиент5\клиент5\клиент5.cpp(337,17): warning C4566: символ, представленный универсальным именем символа "\U0001F512", невозможно представить в текущей кодовой странице (1251)
C:\Users\egorg\OneDrive\Рабочий стол\компьютерные сети 5\клиент5\клиент5\клиент5.cpp(338,17): warning C4566: символ, представленный универсальным именем символа "\u2500", невозможно представить в текущей кодовой странице (1251)
  клиент5.vcxproj -> C:\Users\egorg\OneDrive\Рабочий стол\компьютерные сети 5\клиент5\x64\Debug\клиент5.exe
